// Jest Snapshot v1, https://goo.gl/fbAQLP

exports[`Skills should render without crashing 1`] = `
<div
  className="box skills"
>
  <h3>
    Skills
  </h3>
  <Skill
    key="languages"
    label="Languages"
    list={
      Array [
        "JavaScript ES6/ES7",
        "CSS/SASS",
        "HTML",
      ]
    }
    type="languages"
  />
  <Skill
    key="frameworks-libraries"
    label="Frameworks / Libraries"
    list={
      Array [
        "React",
        "Redux",
        "React Native",
        "Node.js",
        "Express",
        "Sequelize",
        "Jest",
        "Flow",
      ]
    }
    type="frameworks-libraries"
  />
  <Skill
    key="tools"
    label="Tools"
    list={
      Array [
        "Webpack",
        "NPM/Yarn",
        "Travis CI",
        "CircleCI",
      ]
    }
    type="tools"
  />
  <Skill
    key="databases"
    label="Databases"
    list={
      Array [
        "PostgreSQL",
        "MongoDB",
        "MySQL",
      ]
    }
    type="databases"
  />
  <Skill
    key="other"
    label="Other"
    list={
      Array [
        "Git",
        "Jira",
        "Agile workflows",
        "AWS",
      ]
    }
    type="other"
  />
</div>
`;
