// Jest Snapshot v1, https://goo.gl/fbAQLP

exports[`Job should render without crashing 1`] = `
<div
  className="job"
>
  <div
    className="dates"
  >
    July 2019
     - 
    Present
  </div>
  <div
    className="details"
  >
    <h4>
      Senior Front-End Engineer
    </h4>
    <h5>
      Uber
       - 
      Toronto, CA
    </h5>
  </div>
</div>
`;
