// Jest Snapshot v1, https://goo.gl/fbAQLP

exports[`App should render without crashing 1`] = `
<div
  className="container"
>
  <Header />
  <Hello />
  <SayHello
    showPrivateDetails={true}
  />
  <Experience />
  <Skills />
  <Education />
  <Languages />
  <Interests />
  <References />
  <Divider />
</div>
`;
